// Vitest Snapshot v1, https://vitest.dev/guide/snapshot.html

exports[`nb/split-atoms > splits barrel imports into individual atom imports 1`] = `
"import { Box, Button as Btn, Typography } from '@org/common/src/components'
import type { ButtonProps } from '@org/common/src/components/'
import { SomeOtherComponent } from '@org/common/src/other'

export function MyComponent(_props: ButtonProps) {
  return (
    <Box>
      <Btn>Click me</Btn>
      <Typography>Hello</Typography>
      <SomeOtherComponent />
    </Box>
  )
}
"
`;
