// Vitest Snapshot v1, https://vitest.dev/guide/snapshot.html

exports[`nb/split-atoms > splits barrel imports into individual atom imports 1`] = `
"import { SomeOtherComponent } from '@org/common/src/other'

import { Box } from '@org/common/src/components/atoms/Box';
import { Button as Btn } from '@org/common/src/components/atoms/Button';
import { Typography } from '@org/common/src/components/atoms/Typography';
import type { ButtonProps } from '@org/common/src/components/atoms/Button';

export function MyComponent(_props: ButtonProps) {
  return (
    <Box>
      <Btn>Click me</Btn>
      <Typography>Hello</Typography>
      <SomeOtherComponent />
    </Box>
  )
}
"
`;
