// Vitest Snapshot v1, https://vitest.dev/guide/snapshot.html

exports[`nb/stack > migrates HStack to Stack with full prop mapping 1`] = `
"import { SomeOtherComponent } from '@org/common/src/other'
import { Stack } from '@hb-frontend/app/src/components/nordlys/Stack';
import { radius } from '@hb-frontend/nordlys';
import { StyleSheet } from 'react-native';

export function MyComponent() {
  return (
    <>

      {/* gap={2} */
      }
      <Stack direction='horizontal' style={styles.hstack0}>
        <SomeOtherComponent />
      </Stack>
      <Stack testID="test-stack" direction='horizontal' style={styles.hstack1}>
        <SomeOtherComponent />
      </Stack>

      {/* reversed={true}
        divider={...} */
      }
      <Stack onPress={() => {}} direction='horizontal' style={styles.hstack2}>
        <SomeOtherComponent />
      </Stack>
    </>
  );
}

const styles = StyleSheet.create({
  hstack0: {
    margin: 4,
    alignItems: 'flex-start',
    borderRadius: radius.md
  },

  hstack1: {
    marginTop: 8,
    paddingHorizontal: 3,
    paddingVertical: 2,
    justifyContent: 'space-between'
  },

  hstack2: {
    marginHorizontal: 5,
    marginBottom: 1
  }
});
"
`;
