// Vitest Snapshot v1, https://vitest.dev/guide/snapshot.html

exports[`nb/switch > migrates Switch to Nordlys with children wrapping and prop transformations 1`] = `
"import { Typography } from '@hb-frontend/common/src/components';

import { Switch } from '@hb-frontend/app/src/components/nordlys/Switch';

export function MyComponent() {
  return (
    <>
      <Switch testID="switch1" value={true} onValueChange={(val) => console.log(val)}>
        <Switch.Label>
          <Typography type="heading" size="sm">
            Main label
          </Typography>
        </Switch.Label>
        <Switch.Description>Additional info</Switch.Description>
      </Switch>
      <Switch value={false} onValueChange={() => {}} disabled>
        <Switch.Label>Simple switch
                </Switch.Label>
      </Switch>
    </>
  );
}

/*
Dropped props during migration:
  switch0:
    switchPosition="right"
    hStackProps={...}
    label="Additional info"
*/

"
`;
